23:24:05.114 | Coordenador iniciado em 127.0.0.1:5000
23:24:05.858 | RECEBIDO REQUEST <- PID 1 (conexão de 127.0.0.1:62116)
23:24:05.859 | ENVIADO GRANT   -> PID 1
23:24:05.860 | RECEBIDO RELEASE <- PID 1
23:24:05.869 | RECEBIDO REQUEST <- PID 2 (conexão de 127.0.0.1:62117)
23:24:05.870 | ENVIADO GRANT   -> PID 2
23:24:05.870 | RECEBIDO RELEASE <- PID 2
23:24:05.878 | RECEBIDO REQUEST <- PID 3 (conexão de 127.0.0.1:62118)
23:24:05.879 | ENVIADO GRANT   -> PID 3
23:24:05.880 | RECEBIDO RELEASE <- PID 3
23:24:06.060 | RECEBIDO REQUEST <- PID 1
23:24:06.060 | ENVIADO GRANT   -> PID 1
23:24:06.062 | RECEBIDO RELEASE <- PID 1
23:24:06.062 | DESCONEXÃO    <- PID 1
23:24:06.071 | RECEBIDO REQUEST <- PID 2
23:24:06.071 | ENVIADO GRANT   -> PID 2
23:24:06.073 | RECEBIDO RELEASE <- PID 2
23:24:06.073 | DESCONEXÃO    <- PID 2
23:24:06.081 | RECEBIDO REQUEST <- PID 3
23:24:06.081 | ENVIADO GRANT   -> PID 3
23:24:06.082 | RECEBIDO RELEASE <- PID 3
23:24:06.082 | DESCONEXÃO    <- PID 3
